[0508/140053.110:ERROR:net\disk_cache\simple\simple_backend_impl.cc:750] Simple Cache Backend: wrong file structure on disk: 2 path: C:\Users\GRAVITY\Desktop\Anti\youtube_creator\backend\..\assets\browser_profile\Default\Code Cache\wasm
[0508/140053.110:ERROR:content\browser\network_sandbox.cc:134] Failed to copy file C:\Users\GRAVITY\Desktop\Anti\youtube_creator\backend\..\assets\browser_profile\Default\Cookies to C:\Users\GRAVITY\Desktop\Anti\youtube_creator\backend\..\assets\browser_profile\Default\Network\Cookies: 지정된 파일을 찾을 수 없습니다. (0x2)
[0508/140053.112:ERROR:net\disk_cache\simple\simple_backend_impl.cc:750] Simple Cache Backend: wrong file structure on disk: 2 path: C:\Users\GRAVITY\Desktop\Anti\youtube_creator\backend\..\assets\browser_profile\Default\Code Cache\js
[0508/140053.115:ERROR:net\disk_cache\simple\simple_backend_impl.cc:750] Simple Cache Backend: wrong file structure on disk: 2 path: C:\Users\GRAVITY\Desktop\Anti\youtube_creator\backend\..\assets\browser_profile\Default\Code Cache\wasm
[0508/140053.115:ERROR:net\disk_cache\disk_cache.cc:284] Unable to create cache
[0508/140053.118:ERROR:net\disk_cache\simple\simple_backend_impl.cc:750] Simple Cache Backend: wrong file structure on disk: 2 path: C:\Users\GRAVITY\Desktop\Anti\youtube_creator\backend\..\assets\browser_profile\Default\Code Cache\js
[0508/140053.118:ERROR:net\disk_cache\disk_cache.cc:284] Unable to create cache
[0508/140053.123:ERROR:content\browser\network_service_instance_impl.cc:333] Encountered error while migrating network context data or granting sandbox access for C:\Users\GRAVITY\Desktop\Anti\youtube_creator\backend\..\assets\browser_profile\Default\Network. Result: 3: 작업을 완료했습니다. (0x0)
[0508/140053.129:ERROR:net\disk_cache\disk_cache.cc:284] Unable to create cache
[0508/140053.129:ERROR:gpu\ipc\host\gpu_disk_cache.cc:737] Gpu Cache Creation failed: -2
[0508/140053.130:ERROR:net\disk_cache\disk_cache.cc:284] Unable to create cache
[0508/140053.132:ERROR:gpu\ipc\host\gpu_disk_cache.cc:737] Gpu Cache Creation failed: -2
[0508/140053.134:ERROR:net\disk_cache\disk_cache.cc:284] Unable to create cache
[0508/140053.134:ERROR:gpu\ipc\host\gpu_disk_cache.cc:737] Gpu Cache Creation failed: -2
[0508/140054.119:WARNING:components\leveldb_proto\internal\leveldb_database.cc:124] Unable to open C:\Users\GRAVITY\Desktop\Anti\youtube_creator\backend\..\assets\browser_profile\Default\PersistentOriginTrials: IO error: C:\Users\GRAVITY\Desktop\Anti\youtube_creator\backend\..\assets\browser_profile\Default\PersistentOriginTrials/LOCK: Access denied. (ChromeMethodBFE: 15::LockFile::5)
[0508/140055.134:WARNING:components\leveldb_proto\internal\leveldb_database.cc:124] Unable to open C:\Users\GRAVITY\Desktop\Anti\youtube_creator\backend\..\assets\browser_profile\Default\shared_proto_db\metadata: IO error: C:\Users\GRAVITY\Desktop\Anti\youtube_creator\backend\..\assets\browser_profile\Default\shared_proto_db\metadata/LOCK: Access denied. (ChromeMethodBFE: 15::LockFile::5)
[0508/140056.135:WARNING:components\leveldb_proto\internal\leveldb_database.cc:124] Unable to open C:\Users\GRAVITY\Desktop\Anti\youtube_creator\backend\..\assets\browser_profile\Default\shared_proto_db\metadata: IO error: C:\Users\GRAVITY\Desktop\Anti\youtube_creator\backend\..\assets\browser_profile\Default\shared_proto_db\metadata/LOCK: Access denied. (ChromeMethodBFE: 15::LockFile::5)
[0508/140056.644:INFO:CONSOLE:1] "A preload for 'https://fonts.googleapis.com/css?family=Google+Sans:400,500|Google+Symbols|Google+Sans+Text:400&display=swap&lang=en' is found, but is not used because the request credentials mode does not match. Consider taking a look at crossorigin attribute.", source: https://labs.google/flow/about (1)
[0508/140057.147:WARNING:components\leveldb_proto\internal\leveldb_database.cc:124] Unable to open C:\Users\GRAVITY\Desktop\Anti\youtube_creator\backend\..\assets\browser_profile\Default\shared_proto_db\metadata: IO error: C:\Users\GRAVITY\Desktop\Anti\youtube_creator\backend\..\assets\browser_profile\Default\shared_proto_db\metadata/LOCK: Access denied. (ChromeMethodBFE: 15::LockFile::5)
[0508/140058.160:WARNING:components\leveldb_proto\internal\leveldb_database.cc:124] Unable to open C:\Users\GRAVITY\Desktop\Anti\youtube_creator\backend\..\assets\browser_profile\Default\shared_proto_db\metadata: IO error: C:\Users\GRAVITY\Desktop\Anti\youtube_creator\backend\..\assets\browser_profile\Default\shared_proto_db\metadata/LOCK: Access denied. (ChromeMethodBFE: 15::LockFile::5)
[0508/140059.186:INFO:CONSOLE:0] "[.WebGL-0x4fa402a37000]GL Driver Message (OpenGL, Performance, GL_CLOSE_PATH_NV, High): GPU stall due to ReadPixels", source: https://labs.google/flow/about (0)
[0508/140059.242:INFO:CONSOLE:0] "[.WebGL-0x4fa402a37000]GL Driver Message (OpenGL, Performance, GL_CLOSE_PATH_NV, High): GPU stall due to ReadPixels", source: https://labs.google/flow/about (0)
[0508/140059.332:INFO:CONSOLE:0] "[.WebGL-0x4fa402a37000]GL Driver Message (OpenGL, Performance, GL_CLOSE_PATH_NV, High): GPU stall due to ReadPixels", source: https://labs.google/flow/about (0)
[0508/140059.368:INFO:CONSOLE:0] "[.WebGL-0x4fa402a37000]GL Driver Message (OpenGL, Performance, GL_CLOSE_PATH_NV, High): GPU stall due to ReadPixels (this message will no longer repeat)", source: https://labs.google/flow/about (0)
[0508/140105.916:INFO:CONSOLE:0] "The resource https://fonts.googleapis.com/css?family=Google+Sans:400,500|Google+Symbols|Google+Sans+Text:400&display=swap&lang=en was preloaded using link preload but not used within a few seconds from the window's load event. Please make sure it has an appropriate `as` value and it is preloaded intentionally.", source: https://labs.google/flow/about (0)
